\BOOKMARK [1][-]{section.1}{\376\377\000I\000n\000t\000r\000o\000d\000u\000c\000t\000i\000o\000n}{}% 1
\BOOKMARK [2][-]{subsection.1.1}{\376\377\000M\000o\000t\000i\000v\000a\000t\000i\000o\000n}{section.1}% 2
\BOOKMARK [2][-]{subsection.1.2}{\376\377\000O\000u\000r\000\040\000A\000p\000p\000r\000o\000a\000c\000h}{section.1}% 3
\BOOKMARK [2][-]{subsection.1.3}{\376\377\000C\000o\000n\000t\000r\000i\000b\000u\000t\000i\000o\000n\000s}{section.1}% 4
\BOOKMARK [1][-]{section.2}{\376\377\000R\000e\000l\000a\000t\000e\000d\000\040\000W\000o\000r\000k}{}% 5
\BOOKMARK [2][-]{subsection.2.1}{\376\377\000A\000t\000t\000r\000i\000b\000u\000t\000e\000-\000B\000a\000s\000e\000d\000\040\000E\000n\000c\000r\000y\000p\000t\000i\000o\000n}{section.2}% 6
\BOOKMARK [2][-]{subsection.2.2}{\376\377\000O\000p\000e\000r\000a\000t\000i\000o\000n\000a\000l\000\040\000T\000r\000a\000n\000s\000f\000o\000r\000m\000a\000t\000i\000o\000n\000\040\000a\000n\000d\000\040\000C\000R\000D\000T\000s}{section.2}% 7
\BOOKMARK [2][-]{subsection.2.3}{\376\377\000P\000r\000o\000t\000o\000c\000o\000l\000\040\000S\000t\000a\000t\000e\000\040\000M\000a\000c\000h\000i\000n\000e\000s\000\040\000a\000n\000d\000\040\000S\000e\000s\000s\000i\000o\000n\000\040\000T\000y\000p\000e\000s}{section.2}% 8
\BOOKMARK [2][-]{subsection.2.4}{\376\377\000S\000e\000l\000f\000-\000S\000o\000v\000e\000r\000e\000i\000g\000n\000\040\000I\000d\000e\000n\000t\000i\000t\000y}{section.2}% 9
\BOOKMARK [2][-]{subsection.2.5}{\376\377\000C\000a\000p\000a\000b\000i\000l\000i\000t\000y\000-\000B\000a\000s\000e\000d\000\040\000S\000e\000c\000u\000r\000i\000t\000y}{section.2}% 10
\BOOKMARK [1][-]{section.3}{\376\377\000T\000h\000e\000\040\000C\000R\000A\000B\000S\000\040\000P\000r\000o\000t\000o\000c\000o\000l}{}% 11
\BOOKMARK [2][-]{subsection.3.1}{\376\377\000A\000r\000c\000h\000i\000t\000e\000c\000t\000u\000r\000e\000\040\000O\000v\000e\000r\000v\000i\000e\000w}{section.3}% 12
\BOOKMARK [2][-]{subsection.3.2}{\376\377\000D\000a\000t\000a\000\040\000M\000o\000d\000e\000l}{section.3}% 13
\BOOKMARK [2][-]{subsection.3.3}{\376\377\000T\000h\000e\000\040\000A\000t\000t\000r\000i\000b\000u\000t\000e\000\040\000M\000a\000c\000h\000i\000n\000e}{section.3}% 14
\BOOKMARK [2][-]{subsection.3.4}{\376\377\000K\000e\000y\000\040\000D\000e\000r\000i\000v\000a\000t\000i\000o\000n\000\040\000a\000n\000d\000\040\000V\000e\000r\000s\000i\000o\000n\000i\000n\000g}{section.3}% 15
\BOOKMARK [1][-]{section.4}{\376\377\000O\000T\000/\000C\000R\000D\000T\000\040\000H\000y\000b\000r\000i\000d\000\040\000T\000y\000p\000e\000s}{}% 16
\BOOKMARK [2][-]{subsection.4.1}{\376\377\000M\000o\000t\000i\000v\000a\000t\000i\000o\000n}{section.4}% 17
\BOOKMARK [2][-]{subsection.4.2}{\376\377\000C\000o\000o\000r\000d\000i\000n\000a\000t\000e\000\040\000S\000p\000a\000c\000e\000s}{section.4}% 18
\BOOKMARK [2][-]{subsection.4.3}{\376\377\000T\000h\000e\000\040\000T\000r\000a\000n\000s\000f\000o\000r\000m\000\040\000M\000a\000t\000r\000i\000x}{section.4}% 19
\BOOKMARK [2][-]{subsection.4.4}{\376\377\000P\000r\000i\000o\000r\000i\000t\000y\000-\000B\000a\000s\000e\000d\000\040\000D\000e\000t\000e\000r\000m\000i\000n\000i\000s\000t\000i\000c\000\040\000O\000r\000d\000e\000r\000i\000n\000g}{section.4}% 20
\BOOKMARK [2][-]{subsection.4.5}{\376\377\000T\000h\000e\000\040\000M\000e\000r\000g\000e\000\040\000A\000l\000g\000o\000r\000i\000t\000h\000m}{section.4}% 21
\BOOKMARK [2][-]{subsection.4.6}{\376\377\000D\000e\000f\000i\000n\000e\000d\000\040\000T\000y\000p\000e\000s}{section.4}% 22
\BOOKMARK [1][-]{section.5}{\376\377\000T\000h\000r\000e\000s\000h\000o\000l\000d\000\040\000T\000r\000i\000g\000g\000e\000r\000s}{}% 23
\BOOKMARK [2][-]{subsection.5.1}{\376\377\000M\000o\000t\000i\000v\000a\000t\000i\000o\000n}{section.5}% 24
\BOOKMARK [2][-]{subsection.5.2}{\376\377\000T\000r\000i\000g\000g\000e\000r\000\040\000D\000e\000f\000i\000n\000i\000t\000i\000o\000n}{section.5}% 25
\BOOKMARK [2][-]{subsection.5.3}{\376\377\000T\000h\000e\000\040\000C\000o\000n\000d\000i\000t\000i\000o\000n\000\040\000L\000a\000n\000g\000u\000a\000g\000e}{section.5}% 26
\BOOKMARK [2][-]{subsection.5.4}{\376\377\000T\000h\000e\000\040\000T\000r\000i\000g\000g\000e\000r\000\040\000E\000n\000g\000i\000n\000e}{section.5}% 27
\BOOKMARK [2][-]{subsection.5.5}{\376\377\000P\000r\000o\000g\000r\000e\000s\000s\000i\000v\000e\000\040\000D\000i\000s\000c\000l\000o\000s\000u\000r\000e}{section.5}% 28
\BOOKMARK [1][-]{section.6}{\376\377\000C\000r\000y\000p\000t\000o\000g\000r\000a\000p\000h\000i\000c\000\040\000A\000g\000i\000l\000i\000t\000y}{}% 29
\BOOKMARK [2][-]{subsection.6.1}{\376\377\000M\000o\000t\000i\000v\000a\000t\000i\000o\000n}{section.6}% 30
\BOOKMARK [2][-]{subsection.6.2}{\376\377\000T\000h\000e\000\040\000V\000T\000a\000b\000l\000e\000\040\000I\000n\000t\000e\000r\000f\000a\000c\000e}{section.6}% 31
\BOOKMARK [2][-]{subsection.6.3}{\376\377\000S\000u\000p\000p\000o\000r\000t\000e\000d\000\040\000S\000c\000h\000e\000m\000e\000s}{section.6}% 32
\BOOKMARK [2][-]{subsection.6.4}{\376\377\000M\000u\000l\000t\000i\000-\000K\000e\000y\000\040\000U\000s\000e\000r\000s}{section.6}% 33
\BOOKMARK [2][-]{subsection.6.5}{\376\377\000P\000o\000l\000i\000c\000y\000\040\000I\000n\000t\000e\000g\000r\000a\000t\000i\000o\000n}{section.6}% 34
\BOOKMARK [1][-]{section.7}{\376\377\000I\000d\000e\000m\000p\000o\000t\000e\000n\000t\000\040\000O\000p\000e\000r\000a\000t\000i\000o\000n\000s}{}% 35
\BOOKMARK [2][-]{subsection.7.1}{\376\377\000M\000o\000t\000i\000v\000a\000t\000i\000o\000n}{section.7}% 36
\BOOKMARK [2][-]{subsection.7.2}{\376\377\000D\000e\000d\000u\000p\000S\000p\000e\000c}{section.7}% 37
\BOOKMARK [2][-]{subsection.7.3}{\376\377\000N\000e\000w\000\040\000D\000a\000t\000a\000\040\000T\000y\000p\000e\000s}{section.7}% 38
\BOOKMARK [2][-]{subsection.7.4}{\376\377\000P\000a\000t\000t\000e\000r\000n\000s}{section.7}% 39
\BOOKMARK [1][-]{section.8}{\376\377\000T\000o\000m\000b\000s\000t\000o\000n\000e\000\040\000M\000a\000n\000a\000g\000e\000m\000e\000n\000t}{}% 40
\BOOKMARK [2][-]{subsection.8.1}{\376\377\000T\000h\000e\000\040\000T\000o\000m\000b\000s\000t\000o\000n\000e\000\040\000P\000r\000o\000b\000l\000e\000m}{section.8}% 41
\BOOKMARK [2][-]{subsection.8.2}{\376\377\000U\000n\000i\000f\000i\000e\000d\000\040\000C\000o\000m\000p\000a\000c\000t\000i\000o\000n\000\040\000F\000r\000a\000m\000e\000w\000o\000r\000k}{section.8}% 42
\BOOKMARK [2][-]{subsection.8.3}{\376\377\000C\000o\000m\000p\000a\000c\000t\000i\000o\000n\000\040\000A\000l\000g\000o\000r\000i\000t\000h\000m}{section.8}% 43
\BOOKMARK [2][-]{subsection.8.4}{\376\377\000S\000a\000f\000e\000t\000y}{section.8}% 44
\BOOKMARK [2][-]{subsection.8.5}{\376\377\000T\000y\000p\000e\000s\000\040\000C\000o\000v\000e\000r\000e\000d}{section.8}% 45
\BOOKMARK [1][-]{section.9}{\376\377\000S\000e\000c\000u\000r\000i\000t\000y\000\040\000A\000n\000a\000l\000y\000s\000i\000s}{}% 46
\BOOKMARK [2][-]{subsection.9.1}{\376\377\000T\000h\000r\000e\000a\000t\000\040\000M\000o\000d\000e\000l}{section.9}% 47
\BOOKMARK [2][-]{subsection.9.2}{\376\377\000S\000e\000c\000u\000r\000i\000t\000y\000\040\000P\000r\000o\000p\000e\000r\000t\000i\000e\000s}{section.9}% 48
\BOOKMARK [2][-]{subsection.9.3}{\376\377\000T\000h\000r\000e\000a\000t\000\040\000M\000i\000t\000i\000g\000a\000t\000i\000o\000n\000s}{section.9}% 49
\BOOKMARK [1][-]{section.10}{\376\377\000U\000s\000e\000\040\000C\000a\000s\000e\000s}{}% 50
\BOOKMARK [2][-]{subsection.10.1}{\376\377\000D\000e\000c\000e\000n\000t\000r\000a\000l\000i\000z\000e\000d\000\040\000A\000u\000t\000o\000n\000o\000m\000o\000u\000s\000\040\000O\000r\000g\000a\000n\000i\000z\000a\000t\000i\000o\000n\000s\000\040\000\050\000D\000A\000O\000s\000\051}{section.10}% 51
\BOOKMARK [2][-]{subsection.10.2}{\376\377\000C\000o\000l\000l\000a\000b\000o\000r\000a\000t\000i\000v\000e\000\040\000C\000o\000n\000t\000e\000n\000t\000\040\000P\000l\000a\000t\000f\000o\000r\000m}{section.10}% 52
\BOOKMARK [2][-]{subsection.10.3}{\376\377\000S\000e\000l\000f\000-\000S\000o\000v\000e\000r\000e\000i\000g\000n\000\040\000I\000d\000e\000n\000t\000i\000t\000y}{section.10}% 53
\BOOKMARK [2][-]{subsection.10.4}{\376\377\000S\000u\000p\000p\000l\000y\000\040\000C\000h\000a\000i\000n\000\040\000M\000a\000n\000a\000g\000e\000m\000e\000n\000t}{section.10}% 54
\BOOKMARK [1][-]{section.11}{\376\377\000L\000i\000m\000i\000t\000a\000t\000i\000o\000n\000s\000\040\000a\000n\000d\000\040\000F\000u\000t\000u\000r\000e\000\040\000W\000o\000r\000k}{}% 55
\BOOKMARK [2][-]{subsection.11.1}{\376\377\000L\000i\000m\000i\000t\000a\000t\000i\000o\000n\000s}{section.11}% 56
\BOOKMARK [2][-]{subsection.11.2}{\376\377\000F\000u\000t\000u\000r\000e\000\040\000W\000o\000r\000k}{section.11}% 57
\BOOKMARK [1][-]{section.12}{\376\377\000C\000o\000n\000c\000l\000u\000s\000i\000o\000n}{}% 58
