\BOOKMARK [1][-]{section.1}{\376\377\000I\000n\000t\000r\000o\000d\000u\000c\000t\000i\000o\000n}{}% 1
\BOOKMARK [2][-]{subsection.1.1}{\376\377\000T\000h\000e\000\040\000P\000r\000o\000b\000l\000e\000m}{section.1}% 2
\BOOKMARK [2][-]{subsection.1.2}{\376\377\000O\000u\000r\000\040\000A\000p\000p\000r\000o\000a\000c\000h}{section.1}% 3
\BOOKMARK [2][-]{subsection.1.3}{\376\377\000C\000o\000n\000t\000r\000i\000b\000u\000t\000i\000o\000n\000s}{section.1}% 4
\BOOKMARK [1][-]{section.2}{\376\377\000R\000e\000l\000a\000t\000e\000d\000\040\000W\000o\000r\000k}{}% 5
\BOOKMARK [2][-]{subsection.2.1}{\376\377\000A\000t\000t\000r\000i\000b\000u\000t\000e\000-\000B\000a\000s\000e\000d\000\040\000E\000n\000c\000r\000y\000p\000t\000i\000o\000n}{section.2}% 6
\BOOKMARK [2][-]{subsection.2.2}{\376\377\000A\000t\000t\000r\000i\000b\000u\000t\000e\000-\000B\000a\000s\000e\000d\000\040\000S\000i\000g\000n\000a\000t\000u\000r\000e\000s}{section.2}% 7
\BOOKMARK [2][-]{subsection.2.3}{\376\377\000C\000o\000n\000f\000l\000i\000c\000t\000-\000F\000r\000e\000e\000\040\000R\000e\000p\000l\000i\000c\000a\000t\000e\000d\000\040\000D\000a\000t\000a\000\040\000T\000y\000p\000e\000s\000\040\000\050\000C\000R\000D\000T\000s\000\051}{section.2}% 8
\BOOKMARK [2][-]{subsection.2.4}{\376\377\000P\000r\000o\000t\000o\000c\000o\000l\000\040\000S\000t\000a\000t\000e\000\040\000M\000a\000c\000h\000i\000n\000e\000s\000\040\000a\000n\000d\000\040\000S\000e\000s\000s\000i\000o\000n\000\040\000T\000y\000p\000e\000s}{section.2}% 9
\BOOKMARK [2][-]{subsection.2.5}{\376\377\000C\000a\000p\000a\000b\000i\000l\000i\000t\000y\000-\000B\000a\000s\000e\000d\000\040\000S\000e\000c\000u\000r\000i\000t\000y}{section.2}% 10
\BOOKMARK [2][-]{subsection.2.6}{\376\377\000S\000e\000l\000f\000-\000S\000o\000v\000e\000r\000e\000i\000g\000n\000\040\000I\000d\000e\000n\000t\000i\000t\000y}{section.2}% 11
\BOOKMARK [1][-]{section.3}{\376\377\000T\000h\000e\000\040\000C\000R\000A\000B\000S\000\040\000P\000r\000o\000t\000o\000c\000o\000l}{}% 12
\BOOKMARK [2][-]{subsection.3.1}{\376\377\000A\000r\000c\000h\000i\000t\000e\000c\000t\000u\000r\000e\000\040\000O\000v\000e\000r\000v\000i\000e\000w}{section.3}% 13
\BOOKMARK [2][-]{subsection.3.2}{\376\377\000D\000a\000t\000a\000\040\000M\000o\000d\000e\000l}{section.3}% 14
\BOOKMARK [2][-]{subsection.3.3}{\376\377\000D\000a\000t\000a\000\040\000T\000y\000p\000e\000s}{section.3}% 15
\BOOKMARK [2][-]{subsection.3.4}{\376\377\000P\000r\000o\000t\000o\000c\000o\000l\000\040\000S\000t\000a\000t\000e\000s\000\040\000f\000o\000r\000\040\000R\000e\000s\000o\000u\000r\000c\000e\000s}{section.3}% 16
\BOOKMARK [2][-]{subsection.3.5}{\376\377\000T\000h\000e\000\040\000O\000p\000e\000r\000a\000t\000i\000o\000n}{section.3}% 17
\BOOKMARK [2][-]{subsection.3.6}{\376\377\000T\000h\000e\000\040\000A\000t\000t\000r\000i\000b\000u\000t\000e\000\040\000M\000a\000c\000h\000i\000n\000e}{section.3}% 18
\BOOKMARK [2][-]{subsection.3.7}{\376\377\000K\000e\000y\000\040\000D\000e\000r\000i\000v\000a\000t\000i\000o\000n\000\040\000a\000n\000d\000\040\000V\000e\000r\000s\000i\000o\000n\000i\000n\000g}{section.3}% 19
\BOOKMARK [1][-]{section.4}{\376\377\000A\000l\000g\000o\000r\000i\000t\000h\000m\000s}{}% 20
\BOOKMARK [2][-]{subsection.4.1}{\376\377\000A\000t\000o\000m\000i\000c\000\040\000L\000o\000c\000k\000\040\000A\000c\000q\000u\000i\000s\000i\000t\000i\000o\000n}{section.4}% 21
\BOOKMARK [2][-]{subsection.4.2}{\376\377\000F\000o\000r\000c\000e\000\040\000U\000n\000l\000o\000c\000k\000\040\000\050\000T\000i\000m\000e\000o\000u\000t\000\051}{section.4}% 22
\BOOKMARK [2][-]{subsection.4.3}{\376\377\000O\000p\000e\000r\000a\000t\000i\000o\000n\000\040\000E\000x\000e\000c\000u\000t\000i\000o\000n}{section.4}% 23
\BOOKMARK [2][-]{subsection.4.4}{\376\377\000C\000R\000D\000T\000\040\000M\000e\000r\000g\000e}{section.4}% 24
\BOOKMARK [2][-]{subsection.4.5}{\376\377\000K\000e\000y\000\040\000R\000e\000f\000r\000e\000s\000h}{section.4}% 25
\BOOKMARK [1][-]{section.5}{\376\377\000S\000e\000c\000u\000r\000i\000t\000y\000\040\000A\000n\000a\000l\000y\000s\000i\000s}{}% 26
\BOOKMARK [2][-]{subsection.5.1}{\376\377\000T\000h\000r\000e\000a\000t\000\040\000M\000o\000d\000e\000l}{section.5}% 27
\BOOKMARK [2][-]{subsection.5.2}{\376\377\000S\000e\000c\000u\000r\000i\000t\000y\000\040\000P\000r\000o\000p\000e\000r\000t\000i\000e\000s}{section.5}% 28
\BOOKMARK [2][-]{subsection.5.3}{\376\377\000K\000e\000y\000\040\000C\000o\000m\000p\000r\000o\000m\000i\000s\000e}{section.5}% 29
\BOOKMARK [1][-]{section.6}{\376\377\000U\000s\000e\000\040\000C\000a\000s\000e\000s}{}% 30
\BOOKMARK [2][-]{subsection.6.1}{\376\377\000D\000e\000c\000e\000n\000t\000r\000a\000l\000i\000z\000e\000d\000\040\000A\000u\000t\000o\000n\000o\000m\000o\000u\000s\000\040\000O\000r\000g\000a\000n\000i\000z\000a\000t\000i\000o\000n\000s\000\040\000\050\000D\000A\000O\000s\000\051}{section.6}% 31
\BOOKMARK [2][-]{subsection.6.2}{\376\377\000C\000o\000l\000l\000a\000b\000o\000r\000a\000t\000i\000v\000e\000\040\000D\000o\000c\000u\000m\000e\000n\000t\000\040\000R\000e\000v\000i\000e\000w}{section.6}% 32
\BOOKMARK [2][-]{subsection.6.3}{\376\377\000S\000e\000l\000f\000-\000S\000o\000v\000e\000r\000e\000i\000g\000n\000\040\000I\000d\000e\000n\000t\000i\000t\000y}{section.6}% 33
\BOOKMARK [2][-]{subsection.6.4}{\376\377\000S\000u\000p\000p\000l\000y\000\040\000C\000h\000a\000i\000n\000\040\000M\000a\000n\000a\000g\000e\000m\000e\000n\000t}{section.6}% 34
\BOOKMARK [1][-]{section.7}{\376\377\000L\000i\000m\000i\000t\000a\000t\000i\000o\000n\000s}{}% 35
\BOOKMARK [2][-]{subsection.7.1}{\376\377\000C\000r\000y\000p\000t\000o\000g\000r\000a\000p\000h\000i\000c\000\040\000L\000i\000m\000i\000t\000a\000t\000i\000o\000n\000s}{section.7}% 36
\BOOKMARK [2][-]{subsection.7.2}{\376\377\000P\000r\000o\000t\000o\000c\000o\000l\000\040\000L\000i\000m\000i\000t\000a\000t\000i\000o\000n\000s}{section.7}% 37
\BOOKMARK [2][-]{subsection.7.3}{\376\377\000E\000x\000p\000r\000e\000s\000s\000i\000v\000e\000n\000e\000s\000s\000\040\000L\000i\000m\000i\000t\000a\000t\000i\000o\000n\000s}{section.7}% 38
\BOOKMARK [1][-]{section.8}{\376\377\000F\000u\000t\000u\000r\000e\000\040\000W\000o\000r\000k}{}% 39
\BOOKMARK [2][-]{subsection.8.1}{\376\377\000T\000h\000r\000e\000s\000h\000o\000l\000d\000\040\000M\000S\000K}{section.8}% 40
\BOOKMARK [2][-]{subsection.8.2}{\376\377\000P\000o\000s\000t\000-\000Q\000u\000a\000n\000t\000u\000m\000\040\000C\000R\000A\000B\000S}{section.8}% 41
\BOOKMARK [2][-]{subsection.8.3}{\376\377\000H\000i\000e\000r\000a\000r\000c\000h\000i\000c\000a\000l\000\040\000A\000t\000t\000r\000i\000b\000u\000t\000e\000\040\000M\000a\000c\000h\000i\000n\000e\000s}{section.8}% 42
\BOOKMARK [2][-]{subsection.8.4}{\376\377\000G\000a\000r\000b\000a\000g\000e\000\040\000C\000o\000l\000l\000e\000c\000t\000i\000o\000n\000\040\000f\000o\000r\000\040\000C\000R\000D\000T\000\040\000T\000o\000m\000b\000s\000t\000o\000n\000e\000s}{section.8}% 43
\BOOKMARK [2][-]{subsection.8.5}{\376\377\000L\000i\000g\000h\000t\000w\000e\000i\000g\000h\000t\000\040\000C\000l\000i\000e\000n\000t\000s}{section.8}% 44
\BOOKMARK [2][-]{subsection.8.6}{\376\377\000F\000o\000r\000m\000a\000l\000\040\000V\000e\000r\000i\000f\000i\000c\000a\000t\000i\000o\000n}{section.8}% 45
\BOOKMARK [2][-]{subsection.8.7}{\376\377\000I\000n\000t\000e\000r\000o\000p\000e\000r\000a\000b\000i\000l\000i\000t\000y\000\040\000w\000i\000t\000h\000\040\000E\000x\000i\000s\000t\000i\000n\000g\000\040\000A\000B\000E\000\040\000S\000y\000s\000t\000e\000m\000s}{section.8}% 46
\BOOKMARK [2][-]{subsection.8.8}{\376\377\000E\000c\000o\000n\000o\000m\000i\000c\000\040\000I\000n\000c\000e\000n\000t\000i\000v\000e\000s\000\040\000f\000o\000r\000\040\000F\000o\000r\000c\000e\000-\000U\000n\000l\000o\000c\000k}{section.8}% 47
\BOOKMARK [1][-]{section.9}{\376\377\000C\000o\000n\000c\000l\000u\000s\000i\000o\000n}{}% 48
